Namespace(add_tags=['test_ids_data'], check_input=False, debug=False, description='', file='./filtered_ids/attribute-Buda.filtered.txt', num_experiments=1, step_counts=10000)
./filtered_ids/attribute-Buda.filtered.txt
COMET INFO: Experiment is live on comet.ml https://www.comet.ml/707728642li/test-for-pyro/24c9505fc1a548168fe64df2eeb54e31

Collecting data....
Collecting data done
Optimizing....
  0%|          | 0/10000 [00:00<?, ?it/s]  0%|          | 0/10000 [00:00<?, ?it/s]
Error while computing log_prob at site 'tag_tensor([1044, 1312,  994, 1709, 2349, 3329, 3112, 2166,  751, 2297,    7, 2283,
        1877, 2960, 3158, 2301, 2188, 1865, 1580, 2887, 1176, 2750,   19, 2144,
        1316, 2504, 3028, 1448, 1980, 1103, 1817,  944,  114, 2167, 2742, 2031,
        3308, 1639, 2629,  216, 2905, 1911, 1254, 3278, 1389, 2760, 3155, 1134,
        2366,  690, 2025, 1014, 1266,   44,  801, 2131, 3326, 1021,  173, 1264,
         637, 1453,  430, 1479, 3050, 1934, 1962, 3190, 2240, 2148,  269, 3499,
         980,   82,  910,  372, 1020,  330, 1557, 3395, 3107, 3369, 1567,  591,
        1633, 2143, 1883,  502, 1226, 2098, 3146,  620, 3200, 1319,  135, 1391,
        1546, 3210,  752, 1583, 1592, 1968, 3319, 1379, 2401, 2886, 1372, 3151,
        2083, 2013, 2043, 3480, 3485, 2014, 2278,  429, 2533, 2441, 2404, 1977,
         180, 1297, 2497,  904, 1369, 2082, 3228,  574, 1736, 2602, 1973, 3347,
         783,  150,  251, 1075,  412,   22, 2254,  884, 3013, 3375,  727, 3328,
          42, 2950, 1304, 2226, 2654, 2361, 3497, 3202, 2042,  706, 2528, 3496,
         659,  535, 1094, 3468, 2322, 2015, 1431, 2763,  159,  462, 2117, 2727,
        2433,  441, 2986, 1460, 1135, 2807,  830, 2151, 1590, 1166, 2439, 3450,
        2557, 2676, 2431,  929, 1656, 2058, 1554, 2348, 1715, 1517, 1089,  590,
         919, 1196,  825, 1917, 2889, 1802, 2170, 1100,  184,  782,  963, 1353,
        3258, 1768, 1841,  931,  647,  440, 2598,  857,  487, 2350, 2829,  874,
        3173, 3388, 1636,    5, 2761,  141, 3141,   56, 2032, 1687,  666, 2959,
         336, 2862, 1125,  827, 1868,  609, 1145,  835, 3027, 3045, 1798, 2809,
        2955, 2395, 1269,  668,  818, 2314,   17, 2055, 2414, 2762, 2857, 3110,
        3183, 1811, 1914,  241, 3386,  569, 1951, 1526, 1236, 2521, 1927, 1834,
        3238, 3488, 2135, 1006, 3273, 1358, 3209,  472, 2279, 1224,  653, 1386,
        1994,  420,  238, 2925, 1451,  823, 3250, 3270, 1751, 3425, 2564, 1884,
         391,  583, 1815, 1504, 1701, 2993, 1043, 2071,  317, 2610,  213,  341,
         172, 2992, 2267,  556,  305,  976, 1443,   85,   68, 2146,  220,  986,
         415,    9, 2394,  297, 2084, 3297, 3163, 2176, 1867,  263, 3031, 1296,
        2525, 2969, 1070, 1214, 3021,  991, 1723, 1920, 3334, 2411,  989,  385,
        2712,  890, 1039, 2853,  621, 2204, 2935, 2336, 1514,  937, 2385, 2488,
        2904,  256, 2704, 1767,  467, 2645, 1018,  201,  322, 2164,   24, 1903,
         444, 1655, 1806, 2066, 2308,  669, 2132, 1946, 2790, 3464, 1137, 1281,
        3128, 1184, 2185, 2932, 1694, 1981, 2786,  875,  665, 1930, 1381, 1200,
         600, 2410, 2812,  734, 2207, 2585, 1221, 1542, 3149,  282,  164, 1624,
         698,  371,  570, 1432, 3249, 1120, 3049, 1344, 1699, 3284, 1087, 2931,
        1831, 2937, 1562,  670, 1061, 1717, 2635,  677, 2910, 2630,  293, 3429,
        3002,  245,  451, 3330, 3120,  283, 1716,  271, 1809, 3453, 2933,  366,
        2631, 1576, 3023, 1199, 2963, 2656, 2644,  939, 2736,   14,  546, 1257,
         864, 2690, 2097, 1220, 1942,  544, 2965,  913,   10, 2412, 1378,  436,
         766,  974, 2957,  418, 1454, 3133,  970, 1719,  694, 2463,   36, 1781,
         386, 1995,  597, 2938, 1991, 1708,  914, 3449, 1826, 3089, 2186, 2193,
         593, 3327,  334, 3096, 1276, 3100, 1670, 1936,  957,  897,  110,  767,
        2538, 1561, 1909, 1300, 2627,  364,  903, 1726, 3371, 2675,  562, 1812,
        1352, 1027,  469, 1507, 1130, 1754, 1904, 3306,  840, 1407, 1233, 1392,
        2020,  489, 2454,  763, 2388, 1679,  648, 2547, 2359, 2928, 2771, 1604,
        1929, 2421, 3064, 1688,  516, 1241, 2694, 3301, 1518,  635, 1621, 1446,
        2662, 1575, 2884,  438,  780, 1466, 2364, 3231, 1477, 1104, 2342,  880,
        1463, 3073, 1037, 1863, 1097, 2369,  679,  821,  527, 2542, 2559,  499,
        1846, 2873,  189, 1331, 1494, 2004, 3343, 3206, 1509, 1131, 2679, 1157,
        2554, 1928, 1056,  230,  153, 3124,  537, 3415, 1290, 3059,  893, 2237,
        1388, 3337, 2671, 2225, 3175, 1833, 1943,  133,    4, 2752,  719, 3026,
        2961, 2008, 1038, 1058,  192, 1941, 1585,  400, 3360, 2074, 1172,  588,
         831,  708, 3081, 2053, 1365, 1808,  362, 2917, 3267,  374, 3139, 3005,
        3022, 2227, 3260,  730, 2169, 1789,  941, 3111,  479, 2590,   23, 1714,
        3295, 3211, 2326, 1279, 3374,  200, 1286, 2422, 2591, 2331, 2201, 3251,
        2430,  197, 2967, 3335, 2461,  290, 1937, 1544, 1223,  942, 1247, 2639,
        1101, 2076, 2335, 1177, 2997, 1724,  684, 1354,  270,  598, 1869, 2409,
        1729, 1573, 3144, 2052, 2865, 2234, 1613, 3071, 2646,  268, 2319, 1732,
         154, 2824,  866, 2732, 1574, 2781,  843, 1758,  208, 2101, 3390, 2194,
        1623,  577, 2652, 1581])':
The value argument must be within the support
                                                                                                                                                                                                                                                                                                                                                                                                                                                                                                                                                                                                                                                                                                                                                                                                                                                                                                                                                                                                                                                                                                                                                                                                                                                                                                                                                                                                                                                                                                                                                                                                                                                                                                                                                                                                                                                                                                                                                                                                                                                                                                                                                                                                                                                                                                                                                                                                                                                                                                                                                                                                                                                                                                                                                                                                                                                                                                                                                                                                                                                                                                                                                                                                                                                                                                                                                                                                                                                                                                                                                                                                                                                                                                                                                                                                                                                                                                                                                                                                                                                                                                                                                                                                                                                                                                                                                                                                                                                                                                                                                                                                                                                                                                                                                                                                                                                               Trace Shapes:               
                                                                                                                                                                                                                                                                                                                                                                                                                                                                                                                                                                                                                                                                                                                                                                                                                                                                                                                                                                                                                                                                                                                                                                                                                                                                                                                                                                                                                                                                                                                                                                                                                                                                                                                                                                                                                                                                                                                                                                                                                                                                                                                                                                                                                                                                                                                                                                                                                                                                                                                                                                                                                                                                                                                                                                                                                                                                                                                                                                                                                                                                                                                                                                                                                                                                                                                                                                                                                                                                                                                                                                                                                                                                                                                                                                                                                                                                                                                                                                                                                                                                                                                                                                                                                                                                                                                                                                                                                                                                                                                                                                                                                                                                                                                                                                                                                                                                Param Sites:               
                                                                                                                                                                                                                                                                                                                                                                                                                                                                                                                                                                                                                                                                                                                                                                                                                                                                                                                                                                                                                                                                                                                                                                                                                                                                                                                                                                                                                                                                                                                                                                                                                                                                                                                                                                                                                                                                                                                                                                                                                                                                                                                                                                                                                                                                                                                                                                                                                                                                                                                                                                                                                                                                                                                                                                                                                                                                                                                                                                                                                                                                                                                                                                                                                                                                                                                                                                                                                                                                                                                                                                                                                                                                                                                                                                                                                                                                                                                                                                                                                                                                                                                                                                                                                                                                                                                                                                                                                                                                                                                                                                                                                                                                                                                                                                                                                                                               Sample Sites:               
                                                                                                                                                                                                                                                                                                                                                                                                                                                                                                                                                                                                                                                                                                                                                                                                                                                                                                                                                                                                                                                                                                                                                                                                                                                                                                                                                                                                                                                                                                                                                                                                                                                                                                                                                                                                                                                                                                                                                                                                                                                                                                                                                                                                                                                                                                                                                                                                                                                                                                                                                                                                                                                                                                                                                                                                                                                                                                                                                                                                                                                                                                                                                                                                                                                                                                                                                                                                                                                                                                                                                                                                                                                                                                                                                                                                                                                                                                                                                                                                                                                                                                                                                                                                                                                                                                                                                                                                                                                                                                                                                                                                                                                                                                                                                                                                                                                                  theta dist          |  10
                                                                                                                                                                                                                                                                                                                                                                                                                                                                                                                                                                                                                                                                                                                                                                                                                                                                                                                                                                                                                                                                                                                                                                                                                                                                                                                                                                                                                                                                                                                                                                                                                                                                                                                                                                                                                                                                                                                                                                                                                                                                                                                                                                                                                                                                                                                                                                                                                                                                                                                                                                                                                                                                                                                                                                                                                                                                                                                                                                                                                                                                                                                                                                                                                                                                                                                                                                                                                                                                                                                                                                                                                                                                                                                                                                                                                                                                                                                                                                                                                                                                                                                                                                                                                                                                                                                                                                                                                                                                                                                                                                                                                                                                                                                                                                                                                                                                       value          |  10
                                                                                                                                                                                                                                                                                                                                                                                                                                                                                                                                                                                                                                                                                                                                                                                                                                                                                                                                                                                                                                                                                                                                                                                                                                                                                                                                                                                                                                                                                                                                                                                                                                                                                                                                                                                                                                                                                                                                                                                                                                                                                                                                                                                                                                                                                                                                                                                                                                                                                                                                                                                                                                                                                                                                                                                                                                                                                                                                                                                                                                                                                                                                                                                                                                                                                                                                                                                                                                                                                                                                                                                                                                                                                                                                                                                                                                                                                                                                                                                                                                                                                                                                                                                                                                                                                                                                                                                                                                                                                                                                                                                                                                                                                                                                                                                                                                                                    log_prob          |    
                                                                                                                                                                                                                                                                                                                                                                                                                                                                                                                                                                                                                                                                                                                                                                                                                                                                                                                                                                                                                                                                                                                                                                                                                                                                                                                                                                                                                                                                                                                                                                                                                                                                                                                                                                                                                                                                                                                                                                                                                                                                                                                                                                                                                                                                                                                                                                                                                                                                                                                                                                                                                                                                                                                                                                                                                                                                                                                                                                                                                                                                                                                                                                                                                                                                                                                                                                                                                                                                                                                                                                                                                                                                                                                                                                                                                                                                                                                                                                                                                                                                                                                                                                                                                                                                                                                                                                                                                                                                                                                                                                                                                                                                                                                                                                                                                                                                     pi dist       10 | 547
                                                                                                                                                                                                                                                                                                                                                                                                                                                                                                                                                                                                                                                                                                                                                                                                                                                                                                                                                                                                                                                                                                                                                                                                                                                                                                                                                                                                                                                                                                                                                                                                                                                                                                                                                                                                                                                                                                                                                                                                                                                                                                                                                                                                                                                                                                                                                                                                                                                                                                                                                                                                                                                                                                                                                                                                                                                                                                                                                                                                                                                                                                                                                                                                                                                                                                                                                                                                                                                                                                                                                                                                                                                                                                                                                                                                                                                                                                                                                                                                                                                                                                                                                                                                                                                                                                                                                                                                                                                                                                                                                                                                                                                                                                                                                                                                                                                                       value       10 | 547
                                                                                                                                                                                                                                                                                                                                                                                                                                                                                                                                                                                                                                                                                                                                                                                                                                                                                                                                                                                                                                                                                                                                                                                                                                                                                                                                                                                                                                                                                                                                                                                                                                                                                                                                                                                                                                                                                                                                                                                                                                                                                                                                                                                                                                                                                                                                                                                                                                                                                                                                                                                                                                                                                                                                                                                                                                                                                                                                                                                                                                                                                                                                                                                                                                                                                                                                                                                                                                                                                                                                                                                                                                                                                                                                                                                                                                                                                                                                                                                                                                                                                                                                                                                                                                                                                                                                                                                                                                                                                                                                                                                                                                                                                                                                                                                                                                                                    log_prob       10 |    
                                                                                                                                                                                                                                                                                                                                                                                                                                                                                                                                                                                                                                                                                                                                                                                                                                                                                                                                                                                                                                                                                                                                                                                                                                                                                                                                                                                                                                                                                                                                                                                                                                                                                                                                                                                                                                                                                                                                                                                                                                                                                                                                                                                                                                                                                                                                                                                                                                                                                                                                                                                                                                                                                                                                                                                                                                                                                                                                                                                                                                                                                                                                                                                                                                                                                                                                                                                                                                                                                                                                                                                                                                                                                                                                                                                                                                                                                                                                                                                                                                                                                                                                                                                                                                                                                                                                                                                                                                                                                                                                                                                                                                                                                                                                                                                                                                                                    tau dist       10 |  12
                                                                                                                                                                                                                                                                                                                                                                                                                                                                                                                                                                                                                                                                                                                                                                                                                                                                                                                                                                                                                                                                                                                                                                                                                                                                                                                                                                                                                                                                                                                                                                                                                                                                                                                                                                                                                                                                                                                                                                                                                                                                                                                                                                                                                                                                                                                                                                                                                                                                                                                                                                                                                                                                                                                                                                                                                                                                                                                                                                                                                                                                                                                                                                                                                                                                                                                                                                                                                                                                                                                                                                                                                                                                                                                                                                                                                                                                                                                                                                                                                                                                                                                                                                                                                                                                                                                                                                                                                                                                                                                                                                                                                                                                                                                                                                                                                                                                       value       10 |  12
                                                                                                                                                                                                                                                                                                                                                                                                                                                                                                                                                                                                                                                                                                                                                                                                                                                                                                                                                                                                                                                                                                                                                                                                                                                                                                                                                                                                                                                                                                                                                                                                                                                                                                                                                                                                                                                                                                                                                                                                                                                                                                                                                                                                                                                                                                                                                                                                                                                                                                                                                                                                                                                                                                                                                                                                                                                                                                                                                                                                                                                                                                                                                                                                                                                                                                                                                                                                                                                                                                                                                                                                                                                                                                                                                                                                                                                                                                                                                                                                                                                                                                                                                                                                                                                                                                                                                                                                                                                                                                                                                                                                                                                                                                                                                                                                                                                                    log_prob       10 |    
                                                                                                                                                                                                                                                                                                                                                                                                                                                                                                                                                                                                                                                                                                                                                                                                                                                                                                                                                                                                                                                                                                                                                                                                                                                                                                                                                                                                                                                                                                                                                                                                                                                                                                                                                                                                                                                                                                                                                                                                                                                                                                                                                                                                                                                                                                                                                                                                                                                                                                                                                                                                                                                                                                                                                                                                                                                                                                                                                                                                                                                                                                                                                                                                                                                                                                                                                                                                                                                                                                                                                                                                                                                                                                                                                                                                                                                                                                                                                                                                                                                                                                                                                                                                                                                                                                                                                                                                                                                                                                                                                                                                                                                                                                                                                                                                                                                                    phi dist       10 |  38
                                                                                                                                                                                                                                                                                                                                                                                                                                                                                                                                                                                                                                                                                                                                                                                                                                                                                                                                                                                                                                                                                                                                                                                                                                                                                                                                                                                                                                                                                                                                                                                                                                                                                                                                                                                                                                                                                                                                                                                                                                                                                                                                                                                                                                                                                                                                                                                                                                                                                                                                                                                                                                                                                                                                                                                                                                                                                                                                                                                                                                                                                                                                                                                                                                                                                                                                                                                                                                                                                                                                                                                                                                                                                                                                                                                                                                                                                                                                                                                                                                                                                                                                                                                                                                                                                                                                                                                                                                                                                                                                                                                                                                                                                                                                                                                                                                                                       value       10 |  38
                                                                                                                                                                                                                                                                                                                                                                                                                                                                                                                                                                                                                                                                                                                                                                                                                                                                                                                                                                                                                                                                                                                                                                                                                                                                                                                                                                                                                                                                                                                                                                                                                                                                                                                                                                                                                                                                                                                                                                                                                                                                                                                                                                                                                                                                                                                                                                                                                                                                                                                                                                                                                                                                                                                                                                                                                                                                                                                                                                                                                                                                                                                                                                                                                                                                                                                                                                                                                                                                                                                                                                                                                                                                                                                                                                                                                                                                                                                                                                                                                                                                                                                                                                                                                                                                                                                                                                                                                                                                                                                                                                                                                                                                                                                                                                                                                                                                    log_prob       10 |    
                                                                                                                                                                                                                                                                                                                                                                                                                                                                                                                                                                                                                                                                                                                                                                                                                                                                                                                                                                                                                                                                                                                                                                                                                                                                                                                                                                                                                                                                                                                                                                                                                                                                                                                                                                                                                                                                                                                                                                                                                                                                                                                                                                                                                                                                                                                                                                                                                                                                                                                                                                                                                                                                                                                                                                                                                                                                                                                                                                                                                                                                                                                                                                                                                                                                                                                                                                                                                                                                                                                                                                                                                                                                                                                                                                                                                                                                                                                                                                                                                                                                                                                                                                                                                                                                                                                                                                                                                                                                                                                                                                                                                                                                                                                                                                                                                                                                  sigma dist       10 |  58
                                                                                                                                                                                                                                                                                                                                                                                                                                                                                                                                                                                                                                                                                                                                                                                                                                                                                                                                                                                                                                                                                                                                                                                                                                                                                                                                                                                                                                                                                                                                                                                                                                                                                                                                                                                                                                                                                                                                                                                                                                                                                                                                                                                                                                                                                                                                                                                                                                                                                                                                                                                                                                                                                                                                                                                                                                                                                                                                                                                                                                                                                                                                                                                                                                                                                                                                                                                                                                                                                                                                                                                                                                                                                                                                                                                                                                                                                                                                                                                                                                                                                                                                                                                                                                                                                                                                                                                                                                                                                                                                                                                                                                                                                                                                                                                                                                                                       value       10 |  58
                                                                                                                                                                                                                                                                                                                                                                                                                                                                                                                                                                                                                                                                                                                                                                                                                                                                                                                                                                                                                                                                                                                                                                                                                                                                                                                                                                                                                                                                                                                                                                                                                                                                                                                                                                                                                                                                                                                                                                                                                                                                                                                                                                                                                                                                                                                                                                                                                                                                                                                                                                                                                                                                                                                                                                                                                                                                                                                                                                                                                                                                                                                                                                                                                                                                                                                                                                                                                                                                                                                                                                                                                                                                                                                                                                                                                                                                                                                                                                                                                                                                                                                                                                                                                                                                                                                                                                                                                                                                                                                                                                                                                                                                                                                                                                                                                                                                    log_prob       10 |    
                                                                                                                                                                                                                                                                                                                                                                                                                                                                                                                                                                                                                                                                                                                                                                                                                                                                                                                                                                                                                                                                                                                                                                                                                                                                                                                                                                                                                                                                                                                                                                                                                                                                                                                                                                                                                                                                                                                                                                                                                                                                                                                                                                                                                                                                                                                                                                                                                                                                                                                                                                                                                                                                                                                                                                                                                                                                                                                                                                                                                                                                                                                                                                                                                                                                                                                                                                                                                                                                                                                                                                                                                                                                                                                                                                                                                                                                                                                                                                                                                                                                                                                                                                                                                                                                                                                                                                                                                                                                                                                                                                                                                                                                                                                                                                                                                                                                    eta dist       38 |   3
                                                                                                                                                                                                                                                                                                                                                                                                                                                                                                                                                                                                                                                                                                                                                                                                                                                                                                                                                                                                                                                                                                                                                                                                                                                                                                                                                                                                                                                                                                                                                                                                                                                                                                                                                                                                                                                                                                                                                                                                                                                                                                                                                                                                                                                                                                                                                                                                                                                                                                                                                                                                                                                                                                                                                                                                                                                                                                                                                                                                                                                                                                                                                                                                                                                                                                                                                                                                                                                                                                                                                                                                                                                                                                                                                                                                                                                                                                                                                                                                                                                                                                                                                                                                                                                                                                                                                                                                                                                                                                                                                                                                                                                                                                                                                                                                                                                                       value       38 |   3
                                                                                                                                                                                                                                                                                                                                                                                                                                                                                                                                                                                                                                                                                                                                                                                                                                                                                                                                                                                                                                                                                                                                                                                                                                                                                                                                                                                                                                                                                                                                                                                                                                                                                                                                                                                                                                                                                                                                                                                                                                                                                                                                                                                                                                                                                                                                                                                                                                                                                                                                                                                                                                                                                                                                                                                                                                                                                                                                                                                                                                                                                                                                                                                                                                                                                                                                                                                                                                                                                                                                                                                                                                                                                                                                                                                                                                                                                                                                                                                                                                                                                                                                                                                                                                                                                                                                                                                                                                                                                                                                                                                                                                                                                                                                                                                                                                                                    log_prob       38 |    
                                                                                                                                                                                                                                                                                                                                                                                                                                                                                                                                                                                                                                                                                                                                                                                                                                                                                                                                                                                                                                                                                                                                                                                                                                                                                                                                                                                                                                                                                                                                                                                                                                                                                                                                                                                                                                                                                                                                                                                                                                                                                                                                                                                                                                                                                                                                                                                                                                                                                                                                                                                                                                                                                                                                                                                                                                                                                                                                                                                                                                                                                                                                                                                                                                                                                                                                                                                                                                                                                                                                                                                                                                                                                                                                                                                                                                                                                                                                                                                                                                                                                                                                                                                                                                                                                                                                                                                                                                                                                                                                                                                                                                                                                                                                                                                                                                                                     mu dist       38 |  58
                                                                                                                                                                                                                                                                                                                                                                                                                                                                                                                                                                                                                                                                                                                                                                                                                                                                                                                                                                                                                                                                                                                                                                                                                                                                                                                                                                                                                                                                                                                                                                                                                                                                                                                                                                                                                                                                                                                                                                                                                                                                                                                                                                                                                                                                                                                                                                                                                                                                                                                                                                                                                                                                                                                                                                                                                                                                                                                                                                                                                                                                                                                                                                                                                                                                                                                                                                                                                                                                                                                                                                                                                                                                                                                                                                                                                                                                                                                                                                                                                                                                                                                                                                                                                                                                                                                                                                                                                                                                                                                                                                                                                                                                                                                                                                                                                                                                       value       38 |  58
                                                                                                                                                                                                                                                                                                                                                                                                                                                                                                                                                                                                                                                                                                                                                                                                                                                                                                                                                                                                                                                                                                                                                                                                                                                                                                                                                                                                                                                                                                                                                                                                                                                                                                                                                                                                                                                                                                                                                                                                                                                                                                                                                                                                                                                                                                                                                                                                                                                                                                                                                                                                                                                                                                                                                                                                                                                                                                                                                                                                                                                                                                                                                                                                                                                                                                                                                                                                                                                                                                                                                                                                                                                                                                                                                                                                                                                                                                                                                                                                                                                                                                                                                                                                                                                                                                                                                                                                                                                                                                                                                                                                                                                                                                                                                                                                                                                                    log_prob       38 |    
                                                                                                                                                                                                                                                                                                                                                                                                                                                                                                                                                                                                                                                                                                                                                                                                                                                                                                                                                                                                                                                                                                                                                                                                                                                                                                                                                                                                                                                                                                                                                                                                                                                                                                                                                                                                                                                                                                                                                                                                                                                                                                                                                                                                                                                                                                                                                                                                                                                                                                                                                                                                                                                                                                                                                                                                                                                                                                                                                                                                                                                                                                                                                                                                                                                                                                                                                                                                                                                                                                                                                                                                                                                                                                                                                                                                                                                                                                                                                                                                                                                                                                                                                                                                                                                                                                                                                                                                                                                                                                                                                                                                                                                                                                                                                                                                                                                                    rho dist       12 |  58
                                                                                                                                                                                                                                                                                                                                                                                                                                                                                                                                                                                                                                                                                                                                                                                                                                                                                                                                                                                                                                                                                                                                                                                                                                                                                                                                                                                                                                                                                                                                                                                                                                                                                                                                                                                                                                                                                                                                                                                                                                                                                                                                                                                                                                                                                                                                                                                                                                                                                                                                                                                                                                                                                                                                                                                                                                                                                                                                                                                                                                                                                                                                                                                                                                                                                                                                                                                                                                                                                                                                                                                                                                                                                                                                                                                                                                                                                                                                                                                                                                                                                                                                                                                                                                                                                                                                                                                                                                                                                                                                                                                                                                                                                                                                                                                                                                                                       value       12 |  58
                                                                                                                                                                                                                                                                                                                                                                                                                                                                                                                                                                                                                                                                                                                                                                                                                                                                                                                                                                                                                                                                                                                                                                                                                                                                                                                                                                                                                                                                                                                                                                                                                                                                                                                                                                                                                                                                                                                                                                                                                                                                                                                                                                                                                                                                                                                                                                                                                                                                                                                                                                                                                                                                                                                                                                                                                                                                                                                                                                                                                                                                                                                                                                                                                                                                                                                                                                                                                                                                                                                                                                                                                                                                                                                                                                                                                                                                                                                                                                                                                                                                                                                                                                                                                                                                                                                                                                                                                                                                                                                                                                                                                                                                                                                                                                                                                                                                    log_prob       12 |    
     g_tensor([1044, 1312,  994, 1709, 2349, 3329, 3112, 2166,  751, 2297,    7, 2283,
        1877, 2960, 3158, 2301, 2188, 1865, 1580, 2887, 1176, 2750,   19, 2144,
        1316, 2504, 3028, 1448, 1980, 1103, 1817,  944,  114, 2167, 2742, 2031,
        3308, 1639, 2629,  216, 2905, 1911, 1254, 3278, 1389, 2760, 3155, 1134,
        2366,  690, 2025, 1014, 1266,   44,  801, 2131, 3326, 1021,  173, 1264,
         637, 1453,  430, 1479, 3050, 1934, 1962, 3190, 2240, 2148,  269, 3499,
         980,   82,  910,  372, 1020,  330, 1557, 3395, 3107, 3369, 1567,  591,
        1633, 2143, 1883,  502, 1226, 2098, 3146,  620, 3200, 1319,  135, 1391,
        1546, 3210,  752, 1583, 1592, 1968, 3319, 1379, 2401, 2886, 1372, 3151,
        2083, 2013, 2043, 3480, 3485, 2014, 2278,  429, 2533, 2441, 2404, 1977,
         180, 1297, 2497,  904, 1369, 2082, 3228,  574, 1736, 2602, 1973, 3347,
         783,  150,  251, 1075,  412,   22, 2254,  884, 3013, 3375,  727, 3328,
          42, 2950, 1304, 2226, 2654, 2361, 3497, 3202, 2042,  706, 2528, 3496,
         659,  535, 1094, 3468, 2322, 2015, 1431, 2763,  159,  462, 2117, 2727,
        2433,  441, 2986, 1460, 1135, 2807,  830, 2151, 1590, 1166, 2439, 3450,
        2557, 2676, 2431,  929, 1656, 2058, 1554, 2348, 1715, 1517, 1089,  590,
         919, 1196,  825, 1917, 2889, 1802, 2170, 1100,  184,  782,  963, 1353,
        3258, 1768, 1841,  931,  647,  440, 2598,  857,  487, 2350, 2829,  874,
        3173, 3388, 1636,    5, 2761,  141, 3141,   56, 2032, 1687,  666, 2959,
         336, 2862, 1125,  827, 1868,  609, 1145,  835, 3027, 3045, 1798, 2809,
        2955, 2395, 1269,  668,  818, 2314,   17, 2055, 2414, 2762, 2857, 3110,
        3183, 1811, 1914,  241, 3386,  569, 1951, 1526, 1236, 2521, 1927, 1834,
        3238, 3488, 2135, 1006, 3273, 1358, 3209,  472, 2279, 1224,  653, 1386,
        1994,  420,  238, 2925, 1451,  823, 3250, 3270, 1751, 3425, 2564, 1884,
         391,  583, 1815, 1504, 1701, 2993, 1043, 2071,  317, 2610,  213,  341,
         172, 2992, 2267,  556,  305,  976, 1443,   85,   68, 2146,  220,  986,
         415,    9, 2394,  297, 2084, 3297, 3163, 2176, 1867,  263, 3031, 1296,
        2525, 2969, 1070, 1214, 3021,  991, 1723, 1920, 3334, 2411,  989,  385,
        2712,  890, 1039, 2853,  621, 2204, 2935, 2336, 1514,  937, 2385, 2488,
        2904,  256, 2704, 1767,  467, 2645, 1018,  201,  322, 2164,   24, 1903,
         444, 1655, 1806, 2066, 2308,  669, 2132, 1946, 2790, 3464, 1137, 1281,
        3128, 1184, 2185, 2932, 1694, 1981, 2786,  875,  665, 1930, 1381, 1200,
         600, 2410, 2812,  734, 2207, 2585, 1221, 1542, 3149,  282,  164, 1624,
         698,  371,  570, 1432, 3249, 1120, 3049, 1344, 1699, 3284, 1087, 2931,
        1831, 2937, 1562,  670, 1061, 1717, 2635,  677, 2910, 2630,  293, 3429,
        3002,  245,  451, 3330, 3120,  283, 1716,  271, 1809, 3453, 2933,  366,
        2631, 1576, 3023, 1199, 2963, 2656, 2644,  939, 2736,   14,  546, 1257,
         864, 2690, 2097, 1220, 1942,  544, 2965,  913,   10, 2412, 1378,  436,
         766,  974, 2957,  418, 1454, 3133,  970, 1719,  694, 2463,   36, 1781,
         386, 1995,  597, 2938, 1991, 1708,  914, 3449, 1826, 3089, 2186, 2193,
         593, 3327,  334, 3096, 1276, 3100, 1670, 1936,  957,  897,  110,  767,
        2538, 1561, 1909, 1300, 2627,  364,  903, 1726, 3371, 2675,  562, 1812,
        1352, 1027,  469, 1507, 1130, 1754, 1904, 3306,  840, 1407, 1233, 1392,
        2020,  489, 2454,  763, 2388, 1679,  648, 2547, 2359, 2928, 2771, 1604,
        1929, 2421, 3064, 1688,  516, 1241, 2694, 3301, 1518,  635, 1621, 1446,
        2662, 1575, 2884,  438,  780, 1466, 2364, 3231, 1477, 1104, 2342,  880,
        1463, 3073, 1037, 1863, 1097, 2369,  679,  821,  527, 2542, 2559,  499,
        1846, 2873,  189, 1331, 1494, 2004, 3343, 3206, 1509, 1131, 2679, 1157,
        2554, 1928, 1056,  230,  153, 3124,  537, 3415, 1290, 3059,  893, 2237,
        1388, 3337, 2671, 2225, 3175, 1833, 1943,  133,    4, 2752,  719, 3026,
        2961, 2008, 1038, 1058,  192, 1941, 1585,  400, 3360, 2074, 1172,  588,
         831,  708, 3081, 2053, 1365, 1808,  362, 2917, 3267,  374, 3139, 3005,
        3022, 2227, 3260,  730, 2169, 1789,  941, 3111,  479, 2590,   23, 1714,
        3295, 3211, 2326, 1279, 3374,  200, 1286, 2422, 2591, 2331, 2201, 3251,
        2430,  197, 2967, 3335, 2461,  290, 1937, 1544, 1223,  942, 1247, 2639,
        1101, 2076, 2335, 1177, 2997, 1724,  684, 1354,  270,  598, 1869, 2409,
        1729, 1573, 3144, 2052, 2865, 2234, 1613, 3071, 2646,  268, 2319, 1732,
         154, 2824,  866, 2732, 1574, 2781,  843, 1758,  208, 2101, 3390, 2194,
        1623,  577, 2652, 1581]) dist      700 |    
                                                                                                                                                                                                                                                                                                                                                                                                                                                                                                                                                                                                                                                                                                                                                                                                                                                                                                                                                                                                                                                                                                                                                                                                                                                                                                                                                                                                                                                                                                                                                                                                                                                                                                                                                                                                                                                                                                                                                                                                                                                                                                                                                                                                                                                                                                                                                                                                                                                                                                                                                                                                                                                                                                                                                                                                                                                                                                                                                                                                                                                                                                                                                                                                                                                                                                                                                                                                                                                                                                                                                                                                                                                                                                                                                                                                                                                                                                                                                                                                                                                                                                                                                                                                                                                                                                                                                                                                                                                                                                                                                                                                                                                                                                                                                                                                                                                                       value 10 1   1 |    
                                                                                                                                                                                                                                                                                                                                                                                                                                                                                                                                                                                                                                                                                                                                                                                                                                                                                                                                                                                                                                                                                                                                                                                                                                                                                                                                                                                                                                                                                                                                                                                                                                                                                                                                                                                                                                                                                                                                                                                                                                                                                                                                                                                                                                                                                                                                                                                                                                                                                                                                                                                                                                                                                                                                                                                                                                                                                                                                                                                                                                                                                                                                                                                                                                                                                                                                                                                                                                                                                                                                                                                                                                                                                                                                                                                                                                                                                                                                                                                                                                                                                                                                                                                                                                                                                                                                                                                                                                                                                                                                                                                                                                                                                                                                                                                                                                                                    log_prob 10 1 700 |    
     u_tensor([1044, 1312,  994, 1709, 2349, 3329, 3112, 2166,  751, 2297,    7, 2283,
        1877, 2960, 3158, 2301, 2188, 1865, 1580, 2887, 1176, 2750,   19, 2144,
        1316, 2504, 3028, 1448, 1980, 1103, 1817,  944,  114, 2167, 2742, 2031,
        3308, 1639, 2629,  216, 2905, 1911, 1254, 3278, 1389, 2760, 3155, 1134,
        2366,  690, 2025, 1014, 1266,   44,  801, 2131, 3326, 1021,  173, 1264,
         637, 1453,  430, 1479, 3050, 1934, 1962, 3190, 2240, 2148,  269, 3499,
         980,   82,  910,  372, 1020,  330, 1557, 3395, 3107, 3369, 1567,  591,
        1633, 2143, 1883,  502, 1226, 2098, 3146,  620, 3200, 1319,  135, 1391,
        1546, 3210,  752, 1583, 1592, 1968, 3319, 1379, 2401, 2886, 1372, 3151,
        2083, 2013, 2043, 3480, 3485, 2014, 2278,  429, 2533, 2441, 2404, 1977,
         180, 1297, 2497,  904, 1369, 2082, 3228,  574, 1736, 2602, 1973, 3347,
         783,  150,  251, 1075,  412,   22, 2254,  884, 3013, 3375,  727, 3328,
          42, 2950, 1304, 2226, 2654, 2361, 3497, 3202, 2042,  706, 2528, 3496,
         659,  535, 1094, 3468, 2322, 2015, 1431, 2763,  159,  462, 2117, 2727,
        2433,  441, 2986, 1460, 1135, 2807,  830, 2151, 1590, 1166, 2439, 3450,
        2557, 2676, 2431,  929, 1656, 2058, 1554, 2348, 1715, 1517, 1089,  590,
         919, 1196,  825, 1917, 2889, 1802, 2170, 1100,  184,  782,  963, 1353,
        3258, 1768, 1841,  931,  647,  440, 2598,  857,  487, 2350, 2829,  874,
        3173, 3388, 1636,    5, 2761,  141, 3141,   56, 2032, 1687,  666, 2959,
         336, 2862, 1125,  827, 1868,  609, 1145,  835, 3027, 3045, 1798, 2809,
        2955, 2395, 1269,  668,  818, 2314,   17, 2055, 2414, 2762, 2857, 3110,
        3183, 1811, 1914,  241, 3386,  569, 1951, 1526, 1236, 2521, 1927, 1834,
        3238, 3488, 2135, 1006, 3273, 1358, 3209,  472, 2279, 1224,  653, 1386,
        1994,  420,  238, 2925, 1451,  823, 3250, 3270, 1751, 3425, 2564, 1884,
         391,  583, 1815, 1504, 1701, 2993, 1043, 2071,  317, 2610,  213,  341,
         172, 2992, 2267,  556,  305,  976, 1443,   85,   68, 2146,  220,  986,
         415,    9, 2394,  297, 2084, 3297, 3163, 2176, 1867,  263, 3031, 1296,
        2525, 2969, 1070, 1214, 3021,  991, 1723, 1920, 3334, 2411,  989,  385,
        2712,  890, 1039, 2853,  621, 2204, 2935, 2336, 1514,  937, 2385, 2488,
        2904,  256, 2704, 1767,  467, 2645, 1018,  201,  322, 2164,   24, 1903,
         444, 1655, 1806, 2066, 2308,  669, 2132, 1946, 2790, 3464, 1137, 1281,
        3128, 1184, 2185, 2932, 1694, 1981, 2786,  875,  665, 1930, 1381, 1200,
         600, 2410, 2812,  734, 2207, 2585, 1221, 1542, 3149,  282,  164, 1624,
         698,  371,  570, 1432, 3249, 1120, 3049, 1344, 1699, 3284, 1087, 2931,
        1831, 2937, 1562,  670, 1061, 1717, 2635,  677, 2910, 2630,  293, 3429,
        3002,  245,  451, 3330, 3120,  283, 1716,  271, 1809, 3453, 2933,  366,
        2631, 1576, 3023, 1199, 2963, 2656, 2644,  939, 2736,   14,  546, 1257,
         864, 2690, 2097, 1220, 1942,  544, 2965,  913,   10, 2412, 1378,  436,
         766,  974, 2957,  418, 1454, 3133,  970, 1719,  694, 2463,   36, 1781,
         386, 1995,  597, 2938, 1991, 1708,  914, 3449, 1826, 3089, 2186, 2193,
         593, 3327,  334, 3096, 1276, 3100, 1670, 1936,  957,  897,  110,  767,
        2538, 1561, 1909, 1300, 2627,  364,  903, 1726, 3371, 2675,  562, 1812,
        1352, 1027,  469, 1507, 1130, 1754, 1904, 3306,  840, 1407, 1233, 1392,
        2020,  489, 2454,  763, 2388, 1679,  648, 2547, 2359, 2928, 2771, 1604,
        1929, 2421, 3064, 1688,  516, 1241, 2694, 3301, 1518,  635, 1621, 1446,
        2662, 1575, 2884,  438,  780, 1466, 2364, 3231, 1477, 1104, 2342,  880,
        1463, 3073, 1037, 1863, 1097, 2369,  679,  821,  527, 2542, 2559,  499,
        1846, 2873,  189, 1331, 1494, 2004, 3343, 3206, 1509, 1131, 2679, 1157,
        2554, 1928, 1056,  230,  153, 3124,  537, 3415, 1290, 3059,  893, 2237,
        1388, 3337, 2671, 2225, 3175, 1833, 1943,  133,    4, 2752,  719, 3026,
        2961, 2008, 1038, 1058,  192, 1941, 1585,  400, 3360, 2074, 1172,  588,
         831,  708, 3081, 2053, 1365, 1808,  362, 2917, 3267,  374, 3139, 3005,
        3022, 2227, 3260,  730, 2169, 1789,  941, 3111,  479, 2590,   23, 1714,
        3295, 3211, 2326, 1279, 3374,  200, 1286, 2422, 2591, 2331, 2201, 3251,
        2430,  197, 2967, 3335, 2461,  290, 1937, 1544, 1223,  942, 1247, 2639,
        1101, 2076, 2335, 1177, 2997, 1724,  684, 1354,  270,  598, 1869, 2409,
        1729, 1573, 3144, 2052, 2865, 2234, 1613, 3071, 2646,  268, 2319, 1732,
         154, 2824,  866, 2732, 1574, 2781,  843, 1758,  208, 2101, 3390, 2194,
        1623,  577, 2652, 1581]) dist 10 1 700 |    
                                                                                                                                                                                                                                                                                                                                                                                                                                                                                                                                                                                                                                                                                                                                                                                                                                                                                                                                                                                                                                                                                                                                                                                                                                                                                                                                                                                                                                                                                                                                                                                                                                                                                                                                                                                                                                                                                                                                                                                                                                                                                                                                                                                                                                                                                                                                                                                                                                                                                                                                                                                                                                                                                                                                                                                                                                                                                                                                                                                                                                                                                                                                                                                                                                                                                                                                                                                                                                                                                                                                                                                                                                                                                                                                                                                                                                                                                                                                                                                                                                                                                                                                                                                                                                                                                                                                                                                                                                                                                                                                                                                                                                                                                                                                                                                                                                                                       value      700 |    
                                                                                                                                                                                                                                                                                                                                                                                                                                                                                                                                                                                                                                                                                                                                                                                                                                                                                                                                                                                                                                                                                                                                                                                                                                                                                                                                                                                                                                                                                                                                                                                                                                                                                                                                                                                                                                                                                                                                                                                                                                                                                                                                                                                                                                                                                                                                                                                                                                                                                                                                                                                                                                                                                                                                                                                                                                                                                                                                                                                                                                                                                                                                                                                                                                                                                                                                                                                                                                                                                                                                                                                                                                                                                                                                                                                                                                                                                                                                                                                                                                                                                                                                                                                                                                                                                                                                                                                                                                                                                                                                                                                                                                                                                                                                                                                                                                                                    log_prob 10 1 700 |    
     t_tensor([1044, 1312,  994, 1709, 2349, 3329, 3112, 2166,  751, 2297,    7, 2283,
        1877, 2960, 3158, 2301, 2188, 1865, 1580, 2887, 1176, 2750,   19, 2144,
        1316, 2504, 3028, 1448, 1980, 1103, 1817,  944,  114, 2167, 2742, 2031,
        3308, 1639, 2629,  216, 2905, 1911, 1254, 3278, 1389, 2760, 3155, 1134,
        2366,  690, 2025, 1014, 1266,   44,  801, 2131, 3326, 1021,  173, 1264,
         637, 1453,  430, 1479, 3050, 1934, 1962, 3190, 2240, 2148,  269, 3499,
         980,   82,  910,  372, 1020,  330, 1557, 3395, 3107, 3369, 1567,  591,
        1633, 2143, 1883,  502, 1226, 2098, 3146,  620, 3200, 1319,  135, 1391,
        1546, 3210,  752, 1583, 1592, 1968, 3319, 1379, 2401, 2886, 1372, 3151,
        2083, 2013, 2043, 3480, 3485, 2014, 2278,  429, 2533, 2441, 2404, 1977,
         180, 1297, 2497,  904, 1369, 2082, 3228,  574, 1736, 2602, 1973, 3347,
         783,  150,  251, 1075,  412,   22, 2254,  884, 3013, 3375,  727, 3328,
          42, 2950, 1304, 2226, 2654, 2361, 3497, 3202, 2042,  706, 2528, 3496,
         659,  535, 1094, 3468, 2322, 2015, 1431, 2763,  159,  462, 2117, 2727,
        2433,  441, 2986, 1460, 1135, 2807,  830, 2151, 1590, 1166, 2439, 3450,
        2557, 2676, 2431,  929, 1656, 2058, 1554, 2348, 1715, 1517, 1089,  590,
         919, 1196,  825, 1917, 2889, 1802, 2170, 1100,  184,  782,  963, 1353,
        3258, 1768, 1841,  931,  647,  440, 2598,  857,  487, 2350, 2829,  874,
        3173, 3388, 1636,    5, 2761,  141, 3141,   56, 2032, 1687,  666, 2959,
         336, 2862, 1125,  827, 1868,  609, 1145,  835, 3027, 3045, 1798, 2809,
        2955, 2395, 1269,  668,  818, 2314,   17, 2055, 2414, 2762, 2857, 3110,
        3183, 1811, 1914,  241, 3386,  569, 1951, 1526, 1236, 2521, 1927, 1834,
        3238, 3488, 2135, 1006, 3273, 1358, 3209,  472, 2279, 1224,  653, 1386,
        1994,  420,  238, 2925, 1451,  823, 3250, 3270, 1751, 3425, 2564, 1884,
         391,  583, 1815, 1504, 1701, 2993, 1043, 2071,  317, 2610,  213,  341,
         172, 2992, 2267,  556,  305,  976, 1443,   85,   68, 2146,  220,  986,
         415,    9, 2394,  297, 2084, 3297, 3163, 2176, 1867,  263, 3031, 1296,
        2525, 2969, 1070, 1214, 3021,  991, 1723, 1920, 3334, 2411,  989,  385,
        2712,  890, 1039, 2853,  621, 2204, 2935, 2336, 1514,  937, 2385, 2488,
        2904,  256, 2704, 1767,  467, 2645, 1018,  201,  322, 2164,   24, 1903,
         444, 1655, 1806, 2066, 2308,  669, 2132, 1946, 2790, 3464, 1137, 1281,
        3128, 1184, 2185, 2932, 1694, 1981, 2786,  875,  665, 1930, 1381, 1200,
         600, 2410, 2812,  734, 2207, 2585, 1221, 1542, 3149,  282,  164, 1624,
         698,  371,  570, 1432, 3249, 1120, 3049, 1344, 1699, 3284, 1087, 2931,
        1831, 2937, 1562,  670, 1061, 1717, 2635,  677, 2910, 2630,  293, 3429,
        3002,  245,  451, 3330, 3120,  283, 1716,  271, 1809, 3453, 2933,  366,
        2631, 1576, 3023, 1199, 2963, 2656, 2644,  939, 2736,   14,  546, 1257,
         864, 2690, 2097, 1220, 1942,  544, 2965,  913,   10, 2412, 1378,  436,
         766,  974, 2957,  418, 1454, 3133,  970, 1719,  694, 2463,   36, 1781,
         386, 1995,  597, 2938, 1991, 1708,  914, 3449, 1826, 3089, 2186, 2193,
         593, 3327,  334, 3096, 1276, 3100, 1670, 1936,  957,  897,  110,  767,
        2538, 1561, 1909, 1300, 2627,  364,  903, 1726, 3371, 2675,  562, 1812,
        1352, 1027,  469, 1507, 1130, 1754, 1904, 3306,  840, 1407, 1233, 1392,
        2020,  489, 2454,  763, 2388, 1679,  648, 2547, 2359, 2928, 2771, 1604,
        1929, 2421, 3064, 1688,  516, 1241, 2694, 3301, 1518,  635, 1621, 1446,
        2662, 1575, 2884,  438,  780, 1466, 2364, 3231, 1477, 1104, 2342,  880,
        1463, 3073, 1037, 1863, 1097, 2369,  679,  821,  527, 2542, 2559,  499,
        1846, 2873,  189, 1331, 1494, 2004, 3343, 3206, 1509, 1131, 2679, 1157,
        2554, 1928, 1056,  230,  153, 3124,  537, 3415, 1290, 3059,  893, 2237,
        1388, 3337, 2671, 2225, 3175, 1833, 1943,  133,    4, 2752,  719, 3026,
        2961, 2008, 1038, 1058,  192, 1941, 1585,  400, 3360, 2074, 1172,  588,
         831,  708, 3081, 2053, 1365, 1808,  362, 2917, 3267,  374, 3139, 3005,
        3022, 2227, 3260,  730, 2169, 1789,  941, 3111,  479, 2590,   23, 1714,
        3295, 3211, 2326, 1279, 3374,  200, 1286, 2422, 2591, 2331, 2201, 3251,
        2430,  197, 2967, 3335, 2461,  290, 1937, 1544, 1223,  942, 1247, 2639,
        1101, 2076, 2335, 1177, 2997, 1724,  684, 1354,  270,  598, 1869, 2409,
        1729, 1573, 3144, 2052, 2865, 2234, 1613, 3071, 2646,  268, 2319, 1732,
         154, 2824,  866, 2732, 1574, 2781,  843, 1758,  208, 2101, 3390, 2194,
        1623,  577, 2652, 1581]) dist 10 1 700 |    
                                                                                                                                                                                                                                                                                                                                                                                                                                                                                                                                                                                                                                                                                                                                                                                                                                                                                                                                                                                                                                                                                                                                                                                                                                                                                                                                                                                                                                                                                                                                                                                                                                                                                                                                                                                                                                                                                                                                                                                                                                                                                                                                                                                                                                                                                                                                                                                                                                                                                                                                                                                                                                                                                                                                                                                                                                                                                                                                                                                                                                                                                                                                                                                                                                                                                                                                                                                                                                                                                                                                                                                                                                                                                                                                                                                                                                                                                                                                                                                                                                                                                                                                                                                                                                                                                                                                                                                                                                                                                                                                                                                                                                                                                                                                                                                                                                                                       value      700 |    
                                                                                                                                                                                                                                                                                                                                                                                                                                                                                                                                                                                                                                                                                                                                                                                                                                                                                                                                                                                                                                                                                                                                                                                                                                                                                                                                                                                                                                                                                                                                                                                                                                                                                                                                                                                                                                                                                                                                                                                                                                                                                                                                                                                                                                                                                                                                                                                                                                                                                                                                                                                                                                                                                                                                                                                                                                                                                                                                                                                                                                                                                                                                                                                                                                                                                                                                                                                                                                                                                                                                                                                                                                                                                                                                                                                                                                                                                                                                                                                                                                                                                                                                                                                                                                                                                                                                                                                                                                                                                                                                                                                                                                                                                                                                                                                                                                                                    log_prob 10 1 700 |    
     l_tensor([1044, 1312,  994, 1709, 2349, 3329, 3112, 2166,  751, 2297,    7, 2283,
        1877, 2960, 3158, 2301, 2188, 1865, 1580, 2887, 1176, 2750,   19, 2144,
        1316, 2504, 3028, 1448, 1980, 1103, 1817,  944,  114, 2167, 2742, 2031,
        3308, 1639, 2629,  216, 2905, 1911, 1254, 3278, 1389, 2760, 3155, 1134,
        2366,  690, 2025, 1014, 1266,   44,  801, 2131, 3326, 1021,  173, 1264,
         637, 1453,  430, 1479, 3050, 1934, 1962, 3190, 2240, 2148,  269, 3499,
         980,   82,  910,  372, 1020,  330, 1557, 3395, 3107, 3369, 1567,  591,
        1633, 2143, 1883,  502, 1226, 2098, 3146,  620, 3200, 1319,  135, 1391,
        1546, 3210,  752, 1583, 1592, 1968, 3319, 1379, 2401, 2886, 1372, 3151,
        2083, 2013, 2043, 3480, 3485, 2014, 2278,  429, 2533, 2441, 2404, 1977,
         180, 1297, 2497,  904, 1369, 2082, 3228,  574, 1736, 2602, 1973, 3347,
         783,  150,  251, 1075,  412,   22, 2254,  884, 3013, 3375,  727, 3328,
          42, 2950, 1304, 2226, 2654, 2361, 3497, 3202, 2042,  706, 2528, 3496,
         659,  535, 1094, 3468, 2322, 2015, 1431, 2763,  159,  462, 2117, 2727,
        2433,  441, 2986, 1460, 1135, 2807,  830, 2151, 1590, 1166, 2439, 3450,
        2557, 2676, 2431,  929, 1656, 2058, 1554, 2348, 1715, 1517, 1089,  590,
         919, 1196,  825, 1917, 2889, 1802, 2170, 1100,  184,  782,  963, 1353,
        3258, 1768, 1841,  931,  647,  440, 2598,  857,  487, 2350, 2829,  874,
        3173, 3388, 1636,    5, 2761,  141, 3141,   56, 2032, 1687,  666, 2959,
         336, 2862, 1125,  827, 1868,  609, 1145,  835, 3027, 3045, 1798, 2809,
        2955, 2395, 1269,  668,  818, 2314,   17, 2055, 2414, 2762, 2857, 3110,
        3183, 1811, 1914,  241, 3386,  569, 1951, 1526, 1236, 2521, 1927, 1834,
        3238, 3488, 2135, 1006, 3273, 1358, 3209,  472, 2279, 1224,  653, 1386,
        1994,  420,  238, 2925, 1451,  823, 3250, 3270, 1751, 3425, 2564, 1884,
         391,  583, 1815, 1504, 1701, 2993, 1043, 2071,  317, 2610,  213,  341,
         172, 2992, 2267,  556,  305,  976, 1443,   85,   68, 2146,  220,  986,
         415,    9, 2394,  297, 2084, 3297, 3163, 2176, 1867,  263, 3031, 1296,
        2525, 2969, 1070, 1214, 3021,  991, 1723, 1920, 3334, 2411,  989,  385,
        2712,  890, 1039, 2853,  621, 2204, 2935, 2336, 1514,  937, 2385, 2488,
        2904,  256, 2704, 1767,  467, 2645, 1018,  201,  322, 2164,   24, 1903,
         444, 1655, 1806, 2066, 2308,  669, 2132, 1946, 2790, 3464, 1137, 1281,
        3128, 1184, 2185, 2932, 1694, 1981, 2786,  875,  665, 1930, 1381, 1200,
         600, 2410, 2812,  734, 2207, 2585, 1221, 1542, 3149,  282,  164, 1624,
         698,  371,  570, 1432, 3249, 1120, 3049, 1344, 1699, 3284, 1087, 2931,
        1831, 2937, 1562,  670, 1061, 1717, 2635,  677, 2910, 2630,  293, 3429,
        3002,  245,  451, 3330, 3120,  283, 1716,  271, 1809, 3453, 2933,  366,
        2631, 1576, 3023, 1199, 2963, 2656, 2644,  939, 2736,   14,  546, 1257,
         864, 2690, 2097, 1220, 1942,  544, 2965,  913,   10, 2412, 1378,  436,
         766,  974, 2957,  418, 1454, 3133,  970, 1719,  694, 2463,   36, 1781,
         386, 1995,  597, 2938, 1991, 1708,  914, 3449, 1826, 3089, 2186, 2193,
         593, 3327,  334, 3096, 1276, 3100, 1670, 1936,  957,  897,  110,  767,
        2538, 1561, 1909, 1300, 2627,  364,  903, 1726, 3371, 2675,  562, 1812,
        1352, 1027,  469, 1507, 1130, 1754, 1904, 3306,  840, 1407, 1233, 1392,
        2020,  489, 2454,  763, 2388, 1679,  648, 2547, 2359, 2928, 2771, 1604,
        1929, 2421, 3064, 1688,  516, 1241, 2694, 3301, 1518,  635, 1621, 1446,
        2662, 1575, 2884,  438,  780, 1466, 2364, 3231, 1477, 1104, 2342,  880,
        1463, 3073, 1037, 1863, 1097, 2369,  679,  821,  527, 2542, 2559,  499,
        1846, 2873,  189, 1331, 1494, 2004, 3343, 3206, 1509, 1131, 2679, 1157,
        2554, 1928, 1056,  230,  153, 3124,  537, 3415, 1290, 3059,  893, 2237,
        1388, 3337, 2671, 2225, 3175, 1833, 1943,  133,    4, 2752,  719, 3026,
        2961, 2008, 1038, 1058,  192, 1941, 1585,  400, 3360, 2074, 1172,  588,
         831,  708, 3081, 2053, 1365, 1808,  362, 2917, 3267,  374, 3139, 3005,
        3022, 2227, 3260,  730, 2169, 1789,  941, 3111,  479, 2590,   23, 1714,
        3295, 3211, 2326, 1279, 3374,  200, 1286, 2422, 2591, 2331, 2201, 3251,
        2430,  197, 2967, 3335, 2461,  290, 1937, 1544, 1223,  942, 1247, 2639,
        1101, 2076, 2335, 1177, 2997, 1724,  684, 1354,  270,  598, 1869, 2409,
        1729, 1573, 3144, 2052, 2865, 2234, 1613, 3071, 2646,  268, 2319, 1732,
         154, 2824,  866, 2732, 1574, 2781,  843, 1758,  208, 2101, 3390, 2194,
        1623,  577, 2652, 1581]) dist 10 1 700 |    
                                                                                                                                                                                                                                                                                                                                                                                                                                                                                                                                                                                                                                                                                                                                                                                                                                                                                                                                                                                                                                                                                                                                                                                                                                                                                                                                                                                                                                                                                                                                                                                                                                                                                                                                                                                                                                                                                                                                                                                                                                                                                                                                                                                                                                                                                                                                                                                                                                                                                                                                                                                                                                                                                                                                                                                                                                                                                                                                                                                                                                                                                                                                                                                                                                                                                                                                                                                                                                                                                                                                                                                                                                                                                                                                                                                                                                                                                                                                                                                                                                                                                                                                                                                                                                                                                                                                                                                                                                                                                                                                                                                                                                                                                                                                                                                                                                                                       value      700 |    
                                                                                                                                                                                                                                                                                                                                                                                                                                                                                                                                                                                                                                                                                                                                                                                                                                                                                                                                                                                                                                                                                                                                                                                                                                                                                                                                                                                                                                                                                                                                                                                                                                                                                                                                                                                                                                                                                                                                                                                                                                                                                                                                                                                                                                                                                                                                                                                                                                                                                                                                                                                                                                                                                                                                                                                                                                                                                                                                                                                                                                                                                                                                                                                                                                                                                                                                                                                                                                                                                                                                                                                                                                                                                                                                                                                                                                                                                                                                                                                                                                                                                                                                                                                                                                                                                                                                                                                                                                                                                                                                                                                                                                                                                                                                                                                                                                                                    log_prob 10 1 700 |    
lambda_tensor([1044, 1312,  994, 1709, 2349, 3329, 3112, 2166,  751, 2297,    7, 2283,
        1877, 2960, 3158, 2301, 2188, 1865, 1580, 2887, 1176, 2750,   19, 2144,
        1316, 2504, 3028, 1448, 1980, 1103, 1817,  944,  114, 2167, 2742, 2031,
        3308, 1639, 2629,  216, 2905, 1911, 1254, 3278, 1389, 2760, 3155, 1134,
        2366,  690, 2025, 1014, 1266,   44,  801, 2131, 3326, 1021,  173, 1264,
         637, 1453,  430, 1479, 3050, 1934, 1962, 3190, 2240, 2148,  269, 3499,
         980,   82,  910,  372, 1020,  330, 1557, 3395, 3107, 3369, 1567,  591,
        1633, 2143, 1883,  502, 1226, 2098, 3146,  620, 3200, 1319,  135, 1391,
        1546, 3210,  752, 1583, 1592, 1968, 3319, 1379, 2401, 2886, 1372, 3151,
        2083, 2013, 2043, 3480, 3485, 2014, 2278,  429, 2533, 2441, 2404, 1977,
         180, 1297, 2497,  904, 1369, 2082, 3228,  574, 1736, 2602, 1973, 3347,
         783,  150,  251, 1075,  412,   22, 2254,  884, 3013, 3375,  727, 3328,
          42, 2950, 1304, 2226, 2654, 2361, 3497, 3202, 2042,  706, 2528, 3496,
         659,  535, 1094, 3468, 2322, 2015, 1431, 2763,  159,  462, 2117, 2727,
        2433,  441, 2986, 1460, 1135, 2807,  830, 2151, 1590, 1166, 2439, 3450,
        2557, 2676, 2431,  929, 1656, 2058, 1554, 2348, 1715, 1517, 1089,  590,
         919, 1196,  825, 1917, 2889, 1802, 2170, 1100,  184,  782,  963, 1353,
        3258, 1768, 1841,  931,  647,  440, 2598,  857,  487, 2350, 2829,  874,
        3173, 3388, 1636,    5, 2761,  141, 3141,   56, 2032, 1687,  666, 2959,
         336, 2862, 1125,  827, 1868,  609, 1145,  835, 3027, 3045, 1798, 2809,
        2955, 2395, 1269,  668,  818, 2314,   17, 2055, 2414, 2762, 2857, 3110,
        3183, 1811, 1914,  241, 3386,  569, 1951, 1526, 1236, 2521, 1927, 1834,
        3238, 3488, 2135, 1006, 3273, 1358, 3209,  472, 2279, 1224,  653, 1386,
        1994,  420,  238, 2925, 1451,  823, 3250, 3270, 1751, 3425, 2564, 1884,
         391,  583, 1815, 1504, 1701, 2993, 1043, 2071,  317, 2610,  213,  341,
         172, 2992, 2267,  556,  305,  976, 1443,   85,   68, 2146,  220,  986,
         415,    9, 2394,  297, 2084, 3297, 3163, 2176, 1867,  263, 3031, 1296,
        2525, 2969, 1070, 1214, 3021,  991, 1723, 1920, 3334, 2411,  989,  385,
        2712,  890, 1039, 2853,  621, 2204, 2935, 2336, 1514,  937, 2385, 2488,
        2904,  256, 2704, 1767,  467, 2645, 1018,  201,  322, 2164,   24, 1903,
         444, 1655, 1806, 2066, 2308,  669, 2132, 1946, 2790, 3464, 1137, 1281,
        3128, 1184, 2185, 2932, 1694, 1981, 2786,  875,  665, 1930, 1381, 1200,
         600, 2410, 2812,  734, 2207, 2585, 1221, 1542, 3149,  282,  164, 1624,
         698,  371,  570, 1432, 3249, 1120, 3049, 1344, 1699, 3284, 1087, 2931,
        1831, 2937, 1562,  670, 1061, 1717, 2635,  677, 2910, 2630,  293, 3429,
        3002,  245,  451, 3330, 3120,  283, 1716,  271, 1809, 3453, 2933,  366,
        2631, 1576, 3023, 1199, 2963, 2656, 2644,  939, 2736,   14,  546, 1257,
         864, 2690, 2097, 1220, 1942,  544, 2965,  913,   10, 2412, 1378,  436,
         766,  974, 2957,  418, 1454, 3133,  970, 1719,  694, 2463,   36, 1781,
         386, 1995,  597, 2938, 1991, 1708,  914, 3449, 1826, 3089, 2186, 2193,
         593, 3327,  334, 3096, 1276, 3100, 1670, 1936,  957,  897,  110,  767,
        2538, 1561, 1909, 1300, 2627,  364,  903, 1726, 3371, 2675,  562, 1812,
        1352, 1027,  469, 1507, 1130, 1754, 1904, 3306,  840, 1407, 1233, 1392,
        2020,  489, 2454,  763, 2388, 1679,  648, 2547, 2359, 2928, 2771, 1604,
        1929, 2421, 3064, 1688,  516, 1241, 2694, 3301, 1518,  635, 1621, 1446,
        2662, 1575, 2884,  438,  780, 1466, 2364, 3231, 1477, 1104, 2342,  880,
        1463, 3073, 1037, 1863, 1097, 2369,  679,  821,  527, 2542, 2559,  499,
        1846, 2873,  189, 1331, 1494, 2004, 3343, 3206, 1509, 1131, 2679, 1157,
        2554, 1928, 1056,  230,  153, 3124,  537, 3415, 1290, 3059,  893, 2237,
        1388, 3337, 2671, 2225, 3175, 1833, 1943,  133,    4, 2752,  719, 3026,
        2961, 2008, 1038, 1058,  192, 1941, 1585,  400, 3360, 2074, 1172,  588,
         831,  708, 3081, 2053, 1365, 1808,  362, 2917, 3267,  374, 3139, 3005,
        3022, 2227, 3260,  730, 2169, 1789,  941, 3111,  479, 2590,   23, 1714,
        3295, 3211, 2326, 1279, 3374,  200, 1286, 2422, 2591, 2331, 2201, 3251,
        2430,  197, 2967, 3335, 2461,  290, 1937, 1544, 1223,  942, 1247, 2639,
        1101, 2076, 2335, 1177, 2997, 1724,  684, 1354,  270,  598, 1869, 2409,
        1729, 1573, 3144, 2052, 2865, 2234, 1613, 3071, 2646,  268, 2319, 1732,
         154, 2824,  866, 2732, 1574, 2781,  843, 1758,  208, 2101, 3390, 2194,
        1623,  577, 2652, 1581]) dist      700 |   3
                                                                                                                                                                                                                                                                                                                                                                                                                                                                                                                                                                                                                                                                                                                                                                                                                                                                                                                                                                                                                                                                                                                                                                                                                                                                                                                                                                                                                                                                                                                                                                                                                                                                                                                                                                                                                                                                                                                                                                                                                                                                                                                                                                                                                                                                                                                                                                                                                                                                                                                                                                                                                                                                                                                                                                                                                                                                                                                                                                                                                                                                                                                                                                                                                                                                                                                                                                                                                                                                                                                                                                                                                                                                                                                                                                                                                                                                                                                                                                                                   COMET INFO: ---------------------------
                                                                                                                                                                                                                                                                                                                                                                                                                                                                                                                                                                                                                                                                                                                                                                                                                                                                    value      700 |   3
                                                                                                                                                                                                                                                                                                                                                                                                                                                                                                                                                                                                                                                                                                                                                                                                                                                                                                                                                                                                                                                                                                                                                                                                                                                                                                                                                                                                                                                                                                                                                                                                                                                                                                                                                                                                                                                                                                                                                                                                                                                                                                                                                                                                                                                                                                                                                                                                                                                                                                                                                                                                                                                                                                                                                                                                                                                                                                                                                                                                                                                                                                                                                                                                                                                                                                                                                                                                                                                                                                                                                                                                                                                                                                                                                                                                                                                                                                                                                                                                                                                                                                                                                                                                                                                                                                                                                                                                                                                                                                                                                                                                                                                                                                                                                                                                                                                                    log_prob      700 |    
   tag_tensor([1044, 1312,  994, 1709, 2349, 3329, 3112, 2166,  751, 2297,    7, 2283,
        1877, 2960, 3158, 2301, 2188, 1865, 1580, 2887, 1176, 2750,   19, 2144,
        1316, 2504, 3028, 1448, 1980, 1103, 1817,  944,  114, 2167, 2742, 2031,
        3308, 1639, 2629,  216, 2905, 1911, 1254, 3278, 1389, 2760, 3155, 1134,
        2366,  690, 2025, 1014, 1266,   44,  801, 2131, 3326, 1021,  173, 1264,
         637, 1453,  430, 1479, 3050, 1934, 1962, 3190, 2240, 2148,  269, 3499,
         980,   82,  910,  372, 1020,  330, 1557, 3395, 3107, 3369, 1567,  591,
        1633, 2143, 1883,  502, 1226, 2098, 3146,  620, 3200, 1319,  135, 1391,
        1546, 3210,  752, 1583, 1592, 1968, 3319, 1379, 2401, 2886, 1372, 3151,
        2083, 2013, 2043, 3480, 3485, 2014, 2278,  429, 2533, 2441, 2404, 1977,
         180, 1297, 2497,  904, 1369, 2082, 3228,  574, 1736, 2602, 1973, 3347,
         783,  150,  251, 1075,  412,   22, 2254,  884, 3013, 3375,  727, 3328,
          42, 2950, 1304, 2226, 2654, 2361, 3497, 3202, 2042,  706, 2528, 3496,
         659,  535, 1094, 3468, 2322, 2015, 1431, 2763,  159,  462, 2117, 2727,
        2433,  441, 2986, 1460, 1135, 2807,  830, 2151, 1590, 1166, 2439, 3450,
        2557, 2676, 2431,  929, 1656, 2058, 1554, 2348, 1715, 1517, 1089,  590,
         919, 1196,  825, 1917, 2889, 1802, 2170, 1100,  184,  782,  963, 1353,
        3258, 1768, 1841,  931,  647,  440, 2598,  857,  487, 2350, 2829,  874,
        3173, 3388, 1636,    5, 2761,  141, 3141,   56, 2032, 1687,  666, 2959,
         336, 2862, 1125,  827, 1868,  609, 1145,  835, 3027, 3045, 1798, 2809,
        2955, 2395, 1269,  668,  818, 2314,   17, 2055, 2414, 2762, 2857, 3110,
        3183, 1811, 1914,  241, 3386,  569, 1951, 1526, 1236, 2521, 1927, 1834,
        3238, 3488, 2135, 1006, 3273, 1358, 3209,  472, 2279, 1224,  653, 1386,
        1994,  420,  238, 2925, 1451,  823, 3250, 3270, 1751, 3425, 2564, 1884,
         391,  583, 1815, 1504, 1701, 2993, 1043, 2071,  317, 2610,  213,  341,
         172, 2992, 2267,  556,  305,  976, 1443,   85,   68, 2146,  220,  986,
         415,    9, 2394,  297, 2084, 3297, 3163, 2176, 1867,  263, 3031, 1296,
        2525, 2969, 1070, 1214, 3021,  991, 1723, 1920, 3334, 2411,  989,  385,
        2712,  890, 1039, 2853,  621, 2204, 2935, 2336, 1514,  937, 2385, 2488,
        2904,  256, 2704, 1767,  467, 2645, 1018,  201,  322, 2164,   24, 1903,
         444, 1655, 1806, 2066, 2308,  669, 2132, 1946, 2790, 3464, 1137, 1281,
        3128, 1184, 2185, 2932, 1694, 1981, 2786,  875,  665, 1930, 1381, 1200,
         600, 2410, 2812,  734, 2207, 2585, 1221, 1542, 3149,  282,  164, 1624,
         698,  371,  570, 1432, 3249, 1120, 3049, 1344, 1699, 3284, 1087, 2931,
        1831, 2937, 1562,  670, 1061, 1717, 2635,  677, 2910, 2630,  293, 3429,
        3002,  245,  451, 3330, 3120,  283, 1716,  271, 1809, 3453, 2933,  366,
        2631, 1576, 3023, 1199, 2963, 2656, 2644,  939, 2736,   14,  546, 1257,
         864, 2690, 2097, 1220, 1942,  544, 2965,  913,   10, 2412, 1378,  436,
         766,  974, 2957,  418, 1454, 3133,  970, 1719,  694, 2463,   36, 1781,
         386, 1995,  597, 2938, 1991, 1708,  914, 3449, 1826, 3089, 2186, 2193,
         593, 3327,  334, 3096, 1276, 3100, 1670, 1936,  957,  897,  110,  767,
        2538, 1561, 1909, 1300, 2627,  364,  903, 1726, 3371, 2675,  562, 1812,
        1352, 1027,  469, 1507, 1130, 1754, 1904, 3306,  840, 1407, 1233, 1392,
        2020,  489, 2454,  763, 2388, 1679,  648, 2547, 2359, 2928, 2771, 1604,
        1929, 2421, 3064, 1688,  516, 1241, 2694, 3301, 1518,  635, 1621, 1446,
        2662, 1575, 2884,  438,  780, 1466, 2364, 3231, 1477, 1104, 2342,  880,
        1463, 3073, 1037, 1863, 1097, 2369,  679,  821,  527, 2542, 2559,  499,
        1846, 2873,  189, 1331, 1494, 2004, 3343, 3206, 1509, 1131, 2679, 1157,
        2554, 1928, 1056,  230,  153, 3124,  537, 3415, 1290, 3059,  893, 2237,
        1388, 3337, 2671, 2225, 3175, 1833, 1943,  133,    4, 2752,  719, 3026,
        2961, 2008, 1038, 1058,  192, 1941, 1585,  400, 3360, 2074, 1172,  588,
         831,  708, 3081, 2053, 1365, 1808,  362, 2917, 3267,  374, 3139, 3005,
        3022, 2227, 3260,  730, 2169, 1789,  941, 3111,  479, 2590,   23, 1714,
        3295, 3211, 2326, 1279, 3374,  200, 1286, 2422, 2591, 2331, 2201, 3251,
        2430,  197, 2967, 3335, 2461,  290, 1937, 1544, 1223,  942, 1247, 2639,
        1101, 2076, 2335, 1177, 2997, 1724,  684, 1354,  270,  598, 1869, 2409,
        1729, 1573, 3144, 2052, 2865, 2234, 1613, 3071, 2646,  268, 2319, 1732,
         154, 2824,  866, 2732, 1574, 2781,  843, 1758,  208, 2101, 3390, 2194,
        1623,  577, 2652, 1581]) dist 10 4 700 |    
                                                                                                                                                                                                                                                                                                                                                                                                                                                                                                                                                                                                                                                                                                                                                                                                                                                                                                                                                                                                                                                                                                                                                                                                                                                                                                                                                                                                                                                                                                                                                                                                                                                                                                                                                                                                                                                                                                                                                                                                                                                                                                                                                                                                                                                                                                                                                                                                                                                                                                                                                                                                                                                                                                                                                                                                                                                                                                                                                                                                                                                                                                                                                                                                                                                                                                                                                                                                                                                                                                                                                                                                                                                                                                                                                                                                                                                                                                                                                                                                                                                                                                                                                                                                                                                                                                                                                                                                                                                                                                                                                                                                                                                                                                                                                                                                                                                                       value    4 700 |    
COMET INFO: Comet.ml Experiment Summary
COMET INFO: ---------------------------
COMET INFO:   Data:
COMET INFO:     display_summary_level : 1
COMET INFO:     url                   : https://www.comet.ml/707728642li/test-for-pyro/24c9505fc1a548168fe64df2eeb54e31
COMET INFO:   Others:
COMET INFO:     dataset_info : ./filtered_ids/attribute-Buda.filtered.txt
COMET INFO:   Parameters:
COMET INFO:     add_tags        : ['test_ids_data']
COMET INFO:     betas           : (0.95, 0.999)
COMET INFO:     check_input     : 1
COMET INFO:     debug           : 1
COMET INFO:     description     : 1
COMET INFO:     file            : ./filtered_ids/attribute-Buda.filtered.txt
COMET INFO:     group_count     : 10
COMET INFO:     lr              : 0.001
COMET INFO:     num_experiments : 1
COMET INFO:     step_counts     : 10000
COMET INFO:     train_ratio     : 0.2
COMET INFO:   Uploads:
COMET INFO:     environment details      : 1
COMET INFO:     filename                 : 1
COMET INFO:     git metadata             : 1
COMET INFO:     git-patch (uncompressed) : 1 (1 KB)
COMET INFO:     installed packages       : 1
COMET INFO:     os packages              : 1
COMET INFO:     source_code              : 1
COMET INFO: ---------------------------
COMET INFO: Experiment is live on comet.ml https://www.comet.ml/707728642li/test-for-pyro/229437271fff4e7ba837a98f7b6f4918

Collecting data....
Collecting data done
Optimizing....
  0%|          | 0/10000 [00:00<?, ?it/s]  0%|          | 0/10000 [00:01<?, ?it/s]
Error while computing log_prob at site 'tag_tensor([ 845, 5287, 4561,  ..., 5386, 5182, 4617])':
The value argument must be within the support
                                                 Trace Shapes:                
                                                  Param Sites:                
                                                 Sample Sites:                
                                                    theta dist           |  10
                                                         value           |  10
                                                      log_prob           |    
                                                       pi dist        10 | 547
                                                         value        10 | 547
                                                      log_prob        10 |    
                                                      tau dist        10 |  12
                                                         value        10 |  12
                                                      log_prob        10 |    
                                                      phi dist        10 |  38
                                                         value        10 |  38
                                                      log_prob        10 |    
                                                    sigma dist        10 |  62
                                                         value        10 |  62
                                                      log_prob        10 |    
                                                      eta dist        38 |   3
                                                         value        38 |   3
                                                      log_prob        38 |    
                                                       mu dist        38 |  62
                                                         value        38 |  62
                                                      log_prob        38 |    
                                                      rho dist        12 |  62
                                                         value        12 |  62
                                                      log_prob        12 |    
     g_tensor([ 845, 5287, 4561,  ..., 5386, 5182, 4617]) dist      1674 |    
                                                         value 10 1    1 |    
                                                      log_prob 10 1 1674 |    
     u_tensor([ 845, 5287, 4561,  ..., 5386, 5182, 4617]) dist 10 1 1674 |    
                                                         value      1674 |    
                                                      log_prob 10 1 1674 |    
     t_tensor([ 845, 5287, 4561,  ..., 5386, 5182, 4617]) dist 10 1 1674 |    
                                                         value      1674 |    
                                                      log_prob 10 1 1674 |    
     l_tensor([ 845, 5287, 4561,  ..., 5386, 5182, 4617]) dist 10 1 1674 |    
                                                         value      1674 |    
                                                      log_prob 10 1 1674 |    
lambda_tensor([ 845, 5287, 4561,  ..., 5386, 5182, 4617]) dist      1674 |   3
                                                         value      1674 |   3
                                                      log_prob      1674 |    
   tag_tensor([ 845, 5287, 4561,  ..., 5386, 5182, 4617]) dist 10 4 1674 |    
                                                         value    4 1674 |    
COMET INFO: ---------------------------
COMET INFO: Comet.ml Experiment Summary
COMET INFO: ---------------------------
COMET INFO:   Data:
COMET INFO:     display_summary_level : 1
COMET INFO:     url                   : https://www.comet.ml/707728642li/test-for-pyro/229437271fff4e7ba837a98f7b6f4918
COMET INFO:   Others:
COMET INFO:     dataset_info : ./filtered_ids/attribute-Buda.filtered.txt
COMET INFO:   Parameters:
COMET INFO:     add_tags        : ['test_ids_data']
COMET INFO:     betas           : (0.95, 0.999)
COMET INFO:     check_input     : 1
COMET INFO:     debug           : 1
COMET INFO:     description     : 1
COMET INFO:     file            : ./filtered_ids/attribute-Buda.filtered.txt
COMET INFO:     group_count     : 10
COMET INFO:     lr              : 0.001
COMET INFO:     num_experiments : 1
COMET INFO:     step_counts     : 10000
COMET INFO:     train_ratio     : 0.5
COMET INFO:   Uploads:
COMET INFO:     environment details      : 1
COMET INFO:     filename                 : 1
COMET INFO:     git metadata             : 1
COMET INFO:     git-patch (uncompressed) : 1 (1 KB)
COMET INFO:     installed packages       : 1
COMET INFO:     os packages              : 1
COMET INFO:     source_code              : 1
COMET INFO: ---------------------------
COMET INFO: Experiment is live on comet.ml https://www.comet.ml/707728642li/test-for-pyro/1981fefba9784f02ad783e7dd90770bc

Collecting data....
Collecting data done
Optimizing....
  0%|          | 0/10000 [00:00<?, ?it/s]  0%|          | 1/10000 [00:00<1:07:34,  2.47it/s]  0%|          | 2/10000 [00:00<52:32,  3.17it/s]    0%|          | 2/10000 [00:00<59:33,  2.80it/s]
Error while computing log_prob at site 'tag_tensor([  315,  7825,  7214,  ...,  2617, 10291,  3883])':
The value argument must be within the support
                                                       Trace Shapes:                
                                                        Param Sites:                
                                                       Sample Sites:                
                                                          theta dist           |  10
                                                               value           |  10
                                                            log_prob           |    
                                                             pi dist        10 | 547
                                                               value        10 | 547
                                                            log_prob        10 |    
                                                            tau dist        10 |  12
                                                               value        10 |  12
                                                            log_prob        10 |    
                                                            phi dist        10 |  38
                                                               value        10 |  38
                                                            log_prob        10 |    
                                                          sigma dist        10 |  67
                                                               value        10 |  67
                                                            log_prob        10 |    
                                                            eta dist        38 |   3
                                                               value        38 |   3
                                                            log_prob        38 |    
                                                             mu dist        38 |  67
                                                               value        38 |  67
                                                            log_prob        38 |    
                                                            rho dist        12 |  67
                                                               value        12 |  67
                                                            log_prob        12 |    
     g_tensor([  315,  7825,  7214,  ...,  2617, 10291,  3883]) dist      2610 |    
                                                               value 10 1    1 |    
                                                            log_prob 10 1 2610 |    
     u_tensor([  315,  7825,  7214,  ...,  2617, 10291,  3883]) dist 10 1 2610 |    
                                                               value      2610 |    
                                                            log_prob 10 1 2610 |    
     t_tensor([  315,  7825,  7214,  ...,  2617, 10291,  3883]) dist 10 1 2610 |    
                                                               value      2610 |    
                                                            log_prob 10 1 2610 |    
     l_tensor([  315,  7825,  7214,  ...,  2617, 10291,  3883]) dist 10 1 2610 |    
                                                               value      2610 |    
                                                            log_prob 10 1 2610 |    
lambda_tensor([  315,  7825,  7214,  ...,  2617, 10291,  3883]) dist      2610 |   3
                                                               value      2610 |   3
                                                            log_prob      2610 |    
   tag_tensor([  315,  7825,  7214,  ...,  2617, 10291,  3883]) dist 10 4 2610 |    
                                                               value    4 2610 |    
COMET INFO: ---------------------------
COMET INFO: Comet.ml Experiment Summary
COMET INFO: ---------------------------
COMET INFO:   Data:
COMET INFO:     display_summary_level : 1
COMET INFO:     url                   : https://www.comet.ml/707728642li/test-for-pyro/1981fefba9784f02ad783e7dd90770bc
COMET INFO:   Metrics [count] (min, max):
COMET INFO:     train_loss [3] : (440338.84375, 441731.96875)
COMET INFO:   Others:
COMET INFO:     dataset_info : ./filtered_ids/attribute-Buda.filtered.txt
COMET INFO:   Parameters:
COMET INFO:     add_tags        : ['test_ids_data']
COMET INFO:     betas           : (0.95, 0.999)
COMET INFO:     check_input     : 1
COMET INFO:     debug           : 1
COMET INFO:     description     : 1
COMET INFO:     file            : ./filtered_ids/attribute-Buda.filtered.txt
COMET INFO:     group_count     : 10
COMET INFO:     lr              : 0.001
COMET INFO:     num_experiments : 1
COMET INFO:     step_counts     : 10000
COMET INFO:     train_ratio     : 0.8
COMET INFO:   Uploads:
COMET INFO:     environment details      : 1
COMET INFO:     filename                 : 1
COMET INFO:     git metadata             : 1
COMET INFO:     git-patch (uncompressed) : 1 (1 KB)
COMET INFO:     installed packages       : 1
COMET INFO:     os packages              : 1
COMET INFO:     source_code              : 1
COMET INFO: ---------------------------
COMET INFO: Uploading metrics, params, and assets to Comet before program termination (may take several seconds)
COMET INFO: The Python SDK has 3600 seconds to finish before aborting...
